CMake Warning (dev) at modules/CMakeLists.txt:4 (add_subdirectory):
  The source directory

    /home/asm/progs/qpp/modules/geom

  does not contain a CMakeLists.txt file.

  CMake does not support this case but it used to work accidentally and is
  being allowed for compatibility.

  Policy CMP0014 is not set: Input directories must have CMakeLists.txt.  Run
  "cmake --help-policy CMP0014" for policy details.  Use the cmake_policy
  command to set the policy and suppress this warning.
This warning is for project developers.  Use -Wno-dev to suppress it.

CMake Warning (dev) at modules/CMakeLists.txt:5 (add_subdirectory):
  The source directory

    /home/asm/progs/qpp/modules/io

  does not contain a CMakeLists.txt file.

  CMake does not support this case but it used to work accidentally and is
  being allowed for compatibility.

  Policy CMP0014 is not set: Input directories must have CMakeLists.txt.  Run
  "cmake --help-policy CMP0014" for policy details.  Use the cmake_policy
  command to set the policy and suppress this warning.
This warning is for project developers.  Use -Wno-dev to suppress it.

CMake Warning (dev) at modules/CMakeLists.txt:6 (add_subdirectory):
  The source directory

    /home/asm/progs/qpp/modules/symm

  does not contain a CMakeLists.txt file.

  CMake does not support this case but it used to work accidentally and is
  being allowed for compatibility.

  Policy CMP0014 is not set: Input directories must have CMakeLists.txt.  Run
  "cmake --help-policy CMP0014" for policy details.  Use the cmake_policy
  command to set the policy and suppress this warning.
This warning is for project developers.  Use -Wno-dev to suppress it.

